../Core/Src/main.c:115:10:CalcRespCRC	24	static
../Core/Src/main.c:126:6:SendResponseFrame	24	static
../Core/Src/main.c:154:6:GenerateSineTable	48	static
../Core/Src/main.c:185:6:Updatephase	16	static
../Core/Src/main.c:203:6:Setphase	24	static
../Core/Src/main.c:210:6:SetFrequency	64	static
../Core/Src/main.c:255:9:CalcCRC	24	static
../Core/Src/main.c:264:6:ProcessFrame	40	static
../Core/Src/main.c:288:5:main	16	static
../Core/Src/main.c:345:6:SystemClock_Config	128	static
../Core/Src/main.c:413:13:MX_DAC1_Init	48	static
../Core/Src/main.c:456:13:MX_ETH_Init	8	static
../Core/Src/main.c:505:13:MX_TIM2_Init	48	static
../Core/Src/main.c:554:13:MX_TIM6_Init	24	static
../Core/Src/main.c:592:13:MX_USART3_UART_Init	8	static
../Core/Src/main.c:640:13:MX_USB_OTG_FS_PCD_Init	8	static
../Core/Src/main.c:674:13:MX_DMA_Init	16	static
../Core/Src/main.c:692:13:MX_GPIO_Init	56	static
../Core/Src/main.c:754:6:HAL_UART_RxCpltCallback	24	static
../Core/Src/main.c:787:6:Error_Handler	4	static,ignoring_inline_asm
