../Core/Src/main.c:115:10:CalcRespCRC	24	static
../Core/Src/main.c:126:6:SendResponseFrame	24	static
../Core/Src/main.c:154:6:GenerateSineTable	56	static
../Core/Src/main.c:185:6:Updatephase	16	static
../Core/Src/main.c:203:6:Setphase	24	static
../Core/Src/main.c:210:6:SetFrequency	64	static
../Core/Src/main.c:255:9:CalcCRC	24	static
../Core/Src/main.c:264:6:ProcessFrame	40	static
../Core/Src/main.c:289:5:main	16	static
../Core/Src/main.c:346:6:SystemClock_Config	128	static
../Core/Src/main.c:414:13:MX_DAC1_Init	48	static
../Core/Src/main.c:457:13:MX_ETH_Init	8	static
../Core/Src/main.c:506:13:MX_TIM2_Init	48	static
../Core/Src/main.c:555:13:MX_TIM6_Init	24	static
../Core/Src/main.c:593:13:MX_USART3_UART_Init	8	static
../Core/Src/main.c:641:13:MX_USB_OTG_FS_PCD_Init	8	static
../Core/Src/main.c:675:13:MX_DMA_Init	16	static
../Core/Src/main.c:693:13:MX_GPIO_Init	56	static
../Core/Src/main.c:755:6:HAL_UART_RxCpltCallback	24	static
../Core/Src/main.c:789:6:Error_Handler	4	static,ignoring_inline_asm
