../Core/Src/main.c:115:10:CalcRespCRC	2
../Core/Src/main.c:126:6:SendResponseFrame	1
../Core/Src/main.c:154:6:GenerateSineTable	2
../Core/Src/main.c:185:6:Updatephase	2
../Core/Src/main.c:203:6:Setphase	1
../Core/Src/main.c:210:6:SetFrequency	5
../Core/Src/main.c:255:9:CalcCRC	2
../Core/Src/main.c:264:6:ProcessFrame	3
../Core/Src/main.c:288:5:main	1
../Core/Src/main.c:345:6:SystemClock_Config	5
../Core/Src/main.c:413:13:MX_DAC1_Init	3
../Core/Src/main.c:456:13:MX_ETH_Init	2
../Core/Src/main.c:505:13:MX_TIM2_Init	4
../Core/Src/main.c:554:13:MX_TIM6_Init	3
../Core/Src/main.c:592:13:MX_USART3_UART_Init	5
../Core/Src/main.c:640:13:MX_USB_OTG_FS_PCD_Init	2
../Core/Src/main.c:674:13:MX_DMA_Init	1
../Core/Src/main.c:692:13:MX_GPIO_Init	1
../Core/Src/main.c:754:6:HAL_UART_RxCpltCallback	5
../Core/Src/main.c:787:6:Error_Handler	1
